﻿[33mÔØ»[39m Building...
node.exe : C:\Users\yah
ya\OneDrive\Documents\B
ureau\yamishop1\fronten
d\node_modules\tailwind
css\dist\lib.js:38
Au caractère C:\Users\y
ahya\AppData\Roaming\np
m\ng.ps1:24 : 5
+     & "node$exe"  "$b
asedir/node_modules/@an
gular/cli/bin/ng.js" 
$arg ...
+     ~~~~~~~~~~~~~~~~~
~~~~~~~~~~~~~~~~~~~~~~~
~~~~~~~~~~~~~~~~~~~~~~~
~~
    + CategoryInfo     
         : NotSpecifi  
  ed: (C:\Users\yahy   
 a\...\dist\lib.js:    
38:String) [], Rem    
oteException
    + FullyQualifiedEr 
   rorId : NativeComm  
  andError
 
${P}`)}}))u.get(b)?.(A)
;for(let b of 
m)b(A);if(d){let 
b=[];for(let[N,P]of A.t
heme.entries()){if(P.op
tions&2)continue;let z=
l(Ae(N),P.value);z.src=
P.src,b.push(z)}let K=A
.theme.getKeyframes();f
or(let N of K)e.push(de
({theme:!0},[W([N])]));
d.nodes=[de({theme:!0},
b)]}if(a|=ot(e,A),a|=Fe
(e,A),a|=Te(e,A),p){let
 b=p;b.kind="context",b
.context={}}return _(e,
b=>{if(b.kind==="at-rul
e")return b.name==="@ut
ility"?R.Replace([]):R.
Skip}),{designSystem:A,
ast:e,sources:h,root:S,
utilitiesNode:p,feature
s:a,inlineCandidates:w}
}async function dn(e,r=
{}){let{designSystem:i,
ast:t,sources:n,root:a,
utilitiesNode:o,feature
s:f,inlineCandidates:u}
=await pn(e,r);t.unshif
t(dt(`! tailwindcss 
v${gr} | MIT License | 
https://tailwindcss.com
 `));function c(h){i.in
validCandidates.add(h)}
let m=new Set,d=null,p=
0,k=!1;for(let h of u)i
.invalidCandidates.has(
h)||(m.add(h),k=!0);ret
urn{sources:n,root:a,fe
atures:f,build(h){if(f=
==0)return 
e;if(!o)return d??=Re(t
,i,r.polyfills),d;let 
w=k,x=!1;k=!1;let 
S=m.size;for(let b of h
)if(!i.invalidCandidate
s.has(b))if(b[0]==="-"&
&b[1]==="-"){let K=i.th
eme.markUsedVariable(b)
;w||=K,x||=K}else m.add
(b),w||=m.size!==S;if(!
w)return d??=Re(t,i,r.p
olyfills),d;let A=Ee(m,
i,{onInvalidCandidate:c
}).astNodes;return r.fr
om&&_(A,b=>{b.src??=o.s
rc}),!x&&p===A.length?(
d??=Re(t,i,r.polyfills)
,d):(p=A.length,o.nodes
=A,d=Re(t,i,r.polyfills
),d)}}}async function 
ta(e,r={}){let i=Ve(e,{
from:r.from}),t=await d
n(i,r),n=i,a=e;return{.
..t,build(o){let 
f=t.build(o);return f==
=n||(a=ne(f,!!r.from),n
=f),a},buildSourceMap()
{return 
un({ast:n})}}}async 
function ra(e,r={}){ret
urn(await pn(Ve(e,{from
:r.from}),r)).designSys
tem}function 
at(){throw new 
Error("It looks like 
you're trying to use 
`tailwindcss` directly 
as a PostCSS plugin. 
The PostCSS plugin has 
moved to a separate 
package, so to 
continue using 
Tailwind CSS with 
PostCSS you'll need to 
install 
`@tailwindcss/postcss` 
and update your 
PostCSS configuration."
)}for(let e in Ut)e!=="
default"&&(at[e]=Ut[e])
;module.exports=at;
                       
                       
                       
                       
                       
                       
                       
                       
                       
                       
                       
                       
                       
                       
                       
                       
                       
                       
                       
                       
                       
                       
                       
                       
                       
                       
                       
                       
                       
                       
                       
                       
                       
                       
                       
                       
                       
                       
                       
                       
                       
                       
                       
                       
        

Error: It looks like 
you're trying to use 
`tailwindcss` directly 
as a PostCSS plugin. 
The PostCSS plugin has 
moved to a separate 
package, so to 
continue using 
Tailwind CSS with 
PostCSS you'll need to 
install 
`@tailwindcss/postcss` 
and update your 
PostCSS configuration.
    at Object.at [as 
default] (C:\Users\yahy
a\OneDrive\Documents\Bu
reau\yamishop1\frontend
\node_modules\tailwindc
ss\dist\lib.js:38:1643)
    at StylesheetPlugin
Factory.initPostcss (C:
\Users\yahya\OneDrive\D
ocuments\Bureau\yamisho
p1\frontend\node_module
s\@angular\build\src\to
ols\esbuild\stylesheets
\stylesheet-plugin-fact
ory.js:173:66)

Node.js v24.12.0
